Reusing configuration cache.
> Task :app:preBuild UP-TO-DATE
> Task :app:preDebugBuild UP-TO-DATE
> Task :app:generateDebugResources UP-TO-DATE
> Task :app:generateDebugBuildConfig FROM-CACHE
> Task :app:packageDebugResources UP-TO-DATE
> Task :app:processDebugNavigationResources FROM-CACHE
> Task :app:parseDebugLocalResources UP-TO-DATE
> Task :app:generateDebugRFile UP-TO-DATE
Exception in thread "AWT-EventQueue-0" java.lang.NullPointerException: Cannot invoke "ksp.com.intellij.openapi.application.Application.getService(java.lang.Class)" because the return value of "ksp.com.intellij.openapi.application.ApplicationManager.getApplication()" is null
	at ksp.com.intellij.openapi.fileEditor.FileDocumentManager.getInstance(FileDocumentManager.java:35)
	at ksp.com.intellij.openapi.fileTypes.BinaryFileTypeDecompilers.lambda$notifyDecompilerSetChange$1(BinaryFileTypeDecompilers.java:29)
	at java.desktop/java.awt.event.InvocationEvent.dispatch(InvocationEvent.java:318)
	at java.desktop/java.awt.EventQueue.dispatchEventImpl(EventQueue.java:773)
	at java.desktop/java.awt.EventQueue$4.run(EventQueue.java:720)
	at java.desktop/java.awt.EventQueue$4.run(EventQueue.java:714)
	at java.base/java.security.AccessController.doPrivileged(AccessController.java:400)
	at java.base/java.security.ProtectionDomain$JavaSecurityAccessImpl.doIntersectionPrivilege(ProtectionDomain.java:87)
	at java.desktop/java.awt.EventQueue.dispatchEvent(EventQueue.java:742)
	at java.desktop/java.awt.EventDispatchThread.pumpOneEventForFilters(EventDispatchThread.java:203)
	at java.desktop/java.awt.EventDispatchThread.pumpEventsForFilter(EventDispatchThread.java:124)
	at java.desktop/java.awt.EventDispatchThread.pumpEventsForHierarchy(EventDispatchThread.java:113)
	at java.desktop/java.awt.EventDispatchThread.pumpEvents(EventDispatchThread.java:109)
	at java.desktop/java.awt.EventDispatchThread.pumpEvents(EventDispatchThread.java:101)
	at java.desktop/java.awt.EventDispatchThread.run(EventDispatchThread.java:90)
> Task :app:kspDebugKotlin
> Task :app:compileDebugKotlin
w: file:///app/applet/app/src/main/java/com/example/data/db/AppDatabase.kt:212:22 'fun fallbackToDestructiveMigration(): RoomDatabase.Builder<AppDatabase>' is deprecated. Replace by overloaded version with parameter to indicate if all tables should be dropped or not.
w: file:///app/applet/app/src/main/java/com/example/ui/components/CustomBarChart.kt:33:20 'constructor(p0: String!, p1: String!): Locale' is deprecated. Deprecated in Java.
w: file:///app/applet/app/src/main/java/com/example/ui/components/CustomPieChart.kt:44:20 'constructor(p0: String!, p1: String!): Locale' is deprecated. Deprecated in Java.
w: file:///app/applet/app/src/main/java/com/example/ui/screens/MainScreen.kt:197:49 'val Icons.Filled.List: ImageVector' is deprecated. Use the AutoMirrored version at Icons.AutoMirrored.Filled.List.
w: file:///app/applet/app/src/main/java/com/example/ui/screens/MainScreen.kt:1679:29 'fun CircularProgressIndicator(progress: Float, modifier: Modifier = ..., color: Color = ..., strokeWidth: Dp = ..., trackColor: Color = ..., strokeCap: StrokeCap = ...): Unit' is deprecated. Use the overload that takes `progress` as a lambda.
w: file:///app/applet/app/src/main/java/com/example/ui/screens/MainScreen.kt:1851:83 'constructor(p0: String!, p1: String!): Locale' is deprecated. Deprecated in Java.
w: file:///app/applet/app/src/main/java/com/example/ui/screens/MainScreen.kt:2146:57 'val Icons.Filled.ReceiptLong: ImageVector' is deprecated. Use the AutoMirrored version at Icons.AutoMirrored.Filled.ReceiptLong.
w: file:///app/applet/app/src/main/java/com/example/ui/screens/MainScreen.kt:3522:33 'constructor(p0: String!, p1: String!): Locale' is deprecated. Deprecated in Java.
w: file:///app/applet/app/src/main/java/com/example/ui/screens/MainScreen.kt:6607:67 'val Icons.Filled.CompareArrows: ImageVector' is deprecated. Use the AutoMirrored version at Icons.AutoMirrored.Filled.CompareArrows.
w: file:///app/applet/app/src/main/java/com/example/ui/util/FormatUtils.kt:10:24 'constructor(p0: String!, p1: String!): Locale' is deprecated. Deprecated in Java.
w: file:///app/applet/app/src/main/java/com/example/ui/util/FormatUtils.kt:19:58 'constructor(p0: String!, p1: String!): Locale' is deprecated. Deprecated in Java.
w: file:///app/applet/app/src/main/java/com/example/ui/util/FormatUtils.kt:24:55 'constructor(p0: String!, p1: String!): Locale' is deprecated. Deprecated in Java.
w: file:///app/applet/app/src/main/java/com/example/ui/util/IconsMap.kt:18:43 'val Icons.Filled.TrendingUp: ImageVector' is deprecated. Use the AutoMirrored version at Icons.AutoMirrored.Filled.TrendingUp.
w: file:///app/applet/app/src/main/java/com/example/ui/util/IconsMap.kt:49:41 'val Icons.Filled.MenuBook: ImageVector' is deprecated. Use the AutoMirrored version at Icons.AutoMirrored.Filled.MenuBook.
w: file:///app/applet/app/src/main/java/com/example/ui/viewmodel/TransactionViewModel.kt:484:57 'constructor(p0: String!, p1: String!): Locale' is deprecated. Deprecated in Java.

BUILD SUCCESSFUL in 47s
8 actionable tasks: 2 executed, 2 from cache, 4 up-to-date
Configuration cache entry reused.
