Initialized native services in: /opt/gradle/.gradle/native
Initialized jansi services in: /opt/gradle/.gradle/native
Removing 0 daemon stop events from registry
Starting a Gradle Daemon, 2 busy Daemons could not be reused, use --status for details
Starting process 'Gradle build daemon'. Working directory: /opt/gradle/.gradle/daemon/9.3.1 Command: /usr/lib/jvm/temurin-21-jdk-amd64/bin/java --add-opens=java.base/java.lang=ALL-UNNAMED --add-opens=java.base/java.lang.invoke=ALL-UNNAMED --add-opens=java.base/java.util=ALL-UNNAMED --add-opens=java.prefs/java.util.prefs=ALL-UNNAMED --add-exports=jdk.compiler/com.sun.tools.javac.api=ALL-UNNAMED --add-exports=jdk.compiler/com.sun.tools.javac.util=ALL-UNNAMED --add-opens=java.base/java.util=ALL-UNNAMED --add-opens=java.prefs/java.util.prefs=ALL-UNNAMED --add-opens=java.base/java.nio.charset=ALL-UNNAMED --add-opens=java.base/java.net=ALL-UNNAMED --add-opens=java.base/java.util.concurrent=ALL-UNNAMED --add-opens=java.base/java.util.concurrent.atomic=ALL-UNNAMED --add-opens=java.xml/javax.xml.namespace=ALL-UNNAMED --add-opens=java.base/java.time=ALL-UNNAMED -Xmx4g -Dfile.encoding=UTF-8 -Duser.country=US -Duser.language=en -Duser.variant -cp /opt/gradle/gradle-9.3.1/lib/gradle-daemon-main-9.3.1.jar -javaagent:/opt/gradle/gradle-9.3.1/lib/agents/gradle-instrumentation-agent-9.3.1.jar org.gradle.launcher.daemon.bootstrap.GradleDaemon 9.3.1
Successfully started process 'Gradle build daemon'
An attempt to start the daemon took 6.483 secs.
The client will now receive all logging from the daemon (pid: 450). The daemon log file: /opt/gradle/.gradle/daemon/9.3.1/daemon-450.out.log
Starting build in new daemon [memory: 4 GiB]
Invalidating in-memory cache of /opt/gradle/.gradle/caches/9.3.1/fileHashes/fileHashes.bin
Using 4 worker leases.
Operational build model parameters: {requiresToolingModels=false, parallelProjectExecution=true, configureOnDemand=false, configurationCache=true, configurationCacheParallelStore=false, configurationCacheParallelLoad=true, isolatedProjects=false, parallelProjectConfiguration=false, intermediateModelCache=false, parallelToolingApiActions=true, invalidateCoupledProjects=false, modelAsProjectDependency=false, resilientModelBuilding=false}
Received JVM installation metadata from '/usr/lib/jvm/temurin-21-jdk-amd64': {JAVA_HOME=/usr/lib/jvm/temurin-21-jdk-amd64, JAVA_VERSION=21.0.11, JAVA_VENDOR=Eclipse Adoptium, RUNTIME_NAME=OpenJDK Runtime Environment, RUNTIME_VERSION=21.0.11+10-LTS, VM_NAME=OpenJDK 64-Bit Server VM, VM_VERSION=21.0.11+10-LTS, VM_VENDOR=Eclipse Adoptium, OS_ARCH=amd64}
Encryption key source: default Gradle keystore (pkcs12)
Invalidating in-memory cache of /opt/gradle/.gradle/caches/journal-1/file-access.bin
Calculating task graph as no cached configuration is available for tasks: testDebugUnitTest --tests com.example.MainActivityTest
Watching the file system is configured to be enabled if available
Unable to list file systems to check whether they can be watched. Disabling watching. Reason: Could not query file systems: could not open mount file (errno 2: No such file or directory)
File system watching is inactive
Starting Build
Invalidating in-memory cache of /opt/gradle/.gradle/caches/9.3.1/fileHashes/kotlinDslCompileAvoidanceClasspathHashCache.bin
Invalidating in-memory cache of /opt/gradle/.gradle/caches/9.3.1/fileHashes/fileHashes.bin
Invalidating in-memory cache of /opt/gradle/.gradle/caches/9.3.1/fileHashes/resourceHashesCache.bin
Invalidating in-memory cache of /opt/gradle/.gradle/caches/journal-1/file-access.bin
Resolved plugin [id: 'org.gradle.toolchains.foojay-resolver-convention', version: '1.0.0']
Invalidating in-memory cache of /opt/gradle/.gradle/caches/journal-1/file-access.bin
Settings evaluated using settings file '/app/applet/settings.gradle.kts'.
Using local directory build cache for the root build (location = /opt/gradle/.gradle/caches/build-cache-1, remove unused entries = after 7 days).
Invalidating in-memory cache of /app/applet/.gradle/9.3.1/fileHashes/fileHashes.bin
Invalidating in-memory cache of /app/applet/.gradle/9.3.1/fileHashes/resourceHashesCache.bin
Invalidating in-memory cache of /opt/gradle/.gradle/caches/journal-1/file-access.bin
Invalidating in-memory cache of /app/applet/.gradle/9.3.1/fileHashes/fileHashes.bin
Invalidating in-memory cache of /app/applet/.gradle/9.3.1/fileHashes/resourceHashesCache.bin
Invalidating in-memory cache of /app/applet/.gradle/9.3.1/fileHashes/fileHashes.bin
Invalidating in-memory cache of /app/applet/.gradle/9.3.1/fileHashes/resourceHashesCache.bin
Projects loaded. Root project using build file '/app/applet/build.gradle.kts'.
Included projects: [root project 'My Application', project ':app']

> Configure project :
Evaluating root project 'My Application' using build file '/app/applet/build.gradle.kts'.
Invalidating in-memory cache of /opt/gradle/.gradle/caches/journal-1/file-access.bin
Invalidating in-memory cache of /opt/gradle/.gradle/caches/9.3.1/fileHashes/kotlinDslCompileAvoidanceClasspathHashCache.bin
Invalidating in-memory cache of /opt/gradle/.gradle/caches/9.3.1/fileHashes/fileHashes.bin
Invalidating in-memory cache of /opt/gradle/.gradle/caches/9.3.1/fileHashes/resourceHashesCache.bin
Invalidating in-memory cache of /opt/gradle/.gradle/caches/journal-1/file-access.bin
Resolved plugin [id: 'com.android.application', version: '9.1.1', apply: false]
Resolved plugin [id: 'org.jetbrains.kotlin.plugin.compose', version: '2.2.10', apply: false]
Resolved plugin [id: 'com.google.devtools.ksp', version: '2.3.5', apply: false]
Resolved plugin [id: 'io.github.takahirom.roborazzi', version: '1.59.0', apply: false]
Resolved plugin [id: 'com.google.android.libraries.mapsplatform.secrets-gradle-plugin', version: '2.0.1', apply: false]
Invalidating in-memory cache of /opt/gradle/.gradle/caches/journal-1/file-access.bin
Invalidating in-memory cache of /opt/gradle/.gradle/caches/9.3.1/fileHashes/kotlinDslCompileAvoidanceClasspathHashCache.bin
Invalidating in-memory cache of /opt/gradle/.gradle/caches/9.3.1/fileHashes/fileHashes.bin
Invalidating in-memory cache of /opt/gradle/.gradle/caches/9.3.1/fileHashes/resourceHashesCache.bin
Invalidating in-memory cache of /opt/gradle/.gradle/caches/journal-1/file-access.bin
Invalidating in-memory cache of /opt/gradle/.gradle/caches/9.3.1/fileHashes/kotlinDslCompileAvoidanceClasspathHashCache.bin
Invalidating in-memory cache of /opt/gradle/.gradle/caches/9.3.1/fileHashes/fileHashes.bin
Invalidating in-memory cache of /opt/gradle/.gradle/caches/9.3.1/fileHashes/resourceHashesCache.bin

> Configure project :app
Evaluating project ':app' using build file '/app/applet/app/build.gradle.kts'.
Resolved plugin [id: 'com.android.application', version: '9.1.1']
Resolved plugin [id: 'org.jetbrains.kotlin.plugin.compose', version: '2.2.10']
Resolved plugin [id: 'com.google.devtools.ksp', version: '2.3.5']
Resolved plugin [id: 'io.github.takahirom.roborazzi', version: '1.59.0']
Resolved plugin [id: 'com.google.android.libraries.mapsplatform.secrets-gradle-plugin', version: '2.0.1']
Build 84ac13cb-8474-4d0e-8a83-d36323be5d3c is started
Using default execution profile
Invalidating in-memory cache of /opt/gradle/.gradle/caches/9.3.1/fileHashes/kotlinDslCompileAvoidanceClasspathHashCache.bin
Invalidating in-memory cache of /opt/gradle/.gradle/caches/9.3.1/fileHashes/fileHashes.bin
Invalidating in-memory cache of /opt/gradle/.gradle/caches/9.3.1/fileHashes/resourceHashesCache.bin
Invalidating in-memory cache of /opt/gradle/.gradle/caches/journal-1/file-access.bin
Invalidating in-memory cache of /opt/gradle/.gradle/caches/journal-1/file-access.bin
Invalidating in-memory cache of /app/applet/.gradle/9.3.1/fileHashes/fileHashes.bin
Invalidating in-memory cache of /app/applet/.gradle/9.3.1/fileHashes/resourceHashesCache.bin
Detected Android Gradle Plugin compose compiler configuration
Detected Android Gradle Plugin compose compiler configuration
Detected Android Gradle Plugin compose compiler configuration
Detected Android Gradle Plugin compose compiler configuration
All projects evaluated.
Task name matched 'testDebugUnitTest'
Selected primary task 'testDebugUnitTest' from project :
Invalidating in-memory cache of /app/applet/.gradle/9.3.1/fileHashes/fileHashes.bin
Invalidating in-memory cache of /app/applet/.gradle/9.3.1/fileHashes/resourceHashesCache.bin
Invalidating in-memory cache of /app/applet/.gradle/9.3.1/fileHashes/fileHashes.bin
Invalidating in-memory cache of /app/applet/.gradle/9.3.1/fileHashes/resourceHashesCache.bin
Adding -Xuse-inline-scopes-numbers Kotlin compiler flag for task :app:compileDebugKotlin
Tasks to be executed: [task ':app:preBuild', task ':app:preDebugBuild', task ':app:generateDebugBuildConfig', task ':app:generateDebugResources', task ':app:packageDebugResources', task ':app:processDebugNavigationResources', task ':app:parseDebugLocalResources', task ':app:generateDebugRFile', task ':app:kspDebugKotlin', task ':app:compileDebugKotlin', task ':app:javaPreCompileDebug', task ':app:compileDebugJavaWithJavac', task ':app:checkDebugAarMetadata', task ':app:mapDebugSourceSetPaths', task ':app:compileDebugNavigationResources', task ':app:mergeDebugResources', task ':app:createDebugCompatibleScreenManifests', task ':app:extractDeepLinksDebug', task ':app:processDebugMainManifest', task ':app:processDebugManifest', task ':app:processDebugManifestForPackage', task ':app:processDebugResources', task ':app:bundleDebugClassesToRuntimeJar', task ':app:bundleDebugClassesToCompileJar', task ':app:kspDebugUnitTestKotlin', task ':app:preDebugUnitTestBuild', task ':app:compileDebugUnitTestKotlin', task ':app:javaPreCompileDebugUnitTest', task ':app:compileDebugUnitTestJavaWithJavac', task ':app:generateDebugAssets', task ':app:mergeDebugAssets', task ':app:packageDebugUnitTestForUnitTest', task ':app:processDebugUnitTestManifest', task ':app:generateDebugUnitTestConfig', task ':app:processDebugJavaRes', task ':app:processDebugUnitTestJavaRes', task ':app:testDebugUnitTest', task ':app:finalizeTestRoborazziDebug']
Tasks that were excluded: []
Invalidating in-memory cache of /opt/gradle/.gradle/caches/journal-1/file-access.bin
Invalidating in-memory cache of /opt/gradle/.gradle/caches/journal-1/file-access.bin
Invalidating in-memory cache of /opt/gradle/.gradle/caches/journal-1/file-access.bin
Invalidating in-memory cache of /app/applet/.gradle/9.3.1/fileHashes/fileHashes.bin
Invalidating in-memory cache of /app/applet/.gradle/9.3.1/fileHashes/resourceHashesCache.bin
Invalidating in-memory cache of /opt/gradle/.gradle/caches/9.3.1/fileHashes/kotlinDslCompileAvoidanceClasspathHashCache.bin
Invalidating in-memory cache of /opt/gradle/.gradle/caches/9.3.1/fileHashes/fileHashes.bin
Invalidating in-memory cache of /opt/gradle/.gradle/caches/9.3.1/fileHashes/resourceHashesCache.bin
Invalidating in-memory cache of /opt/gradle/.gradle/caches/journal-1/file-access.bin
Roborazzi: Set output dir file collection to test task
Roborazzi: Set output dir /app/applet/app/build/intermediates/roborazzi to test task
Roborazzi: Set output dir /app/applet/app/build/test-results/roborazzi/debug/results to test task
Roborazzi: Set output file /app/applet/app/build/test-results/roborazzi/debug/results-summary.json to test task
Roborazzi: Set output file /app/applet/app/build/reports/roborazzi/debug/index.html to test task
Invalidating in-memory cache of /opt/gradle/.gradle/caches/journal-1/file-access.bin
Invalidating in-memory cache of /opt/gradle/.gradle/caches/journal-1/file-access.bin
Build 84ac13cb-8474-4d0e-8a83-d36323be5d3c is closed
Using local directory build cache for the root build (location = /opt/gradle/.gradle/caches/build-cache-1, remove unused entries = after 7 days).
Invalidating in-memory cache of /opt/gradle/.gradle/caches/9.3.1/fileHashes/kotlinDslCompileAvoidanceClasspathHashCache.bin
Invalidating in-memory cache of /opt/gradle/.gradle/caches/9.3.1/fileHashes/fileHashes.bin
Invalidating in-memory cache of /opt/gradle/.gradle/caches/9.3.1/fileHashes/resourceHashesCache.bin
Invalidating in-memory cache of /opt/gradle/.gradle/caches/9.3.1/fileHashes/kotlinDslCompileAvoidanceClasspathHashCache.bin
Invalidating in-memory cache of /opt/gradle/.gradle/caches/9.3.1/fileHashes/fileHashes.bin
Invalidating in-memory cache of /opt/gradle/.gradle/caches/9.3.1/fileHashes/resourceHashesCache.bin
Ignoring listeners of task graph ready event, as this build (:) has already executed work.
Resolve mutations for :app:preBuild (Thread[#76,Execution worker,5,main]) started.
Resolve mutations for :app:generateDebugAssets (Thread[#77,Execution worker Thread 2,5,main]) started.
:app:generateDebugAssets (Thread[#77,Execution worker Thread 2,5,main]) started.
:app:preBuild (Thread[#76,Execution worker,5,main]) started.

> Task :app:preBuild UP-TO-DATE
Skipping task ':app:preBuild' as it has no actions.

> Task :app:generateDebugAssets UP-TO-DATE
Skipping task ':app:generateDebugAssets' as it has no actions.
Resolve mutations for :app:preDebugBuild (Thread[#76,Execution worker,5,main]) started.
:app:preDebugBuild (Thread[#76,Execution worker,5,main]) started.
Resolve mutations for :app:preDebugUnitTestBuild (Thread[#77,Execution worker Thread 2,5,main]) started.
:app:preDebugUnitTestBuild (Thread[#77,Execution worker Thread 2,5,main]) started.

> Task :app:preDebugUnitTestBuild UP-TO-DATE
Skipping task ':app:preDebugUnitTestBuild' as it has no actions.
Resolve mutations for :app:javaPreCompileDebugUnitTest (Thread[#77,Execution worker Thread 2,5,main]) started.

> Task :app:preDebugBuild UP-TO-DATE
Skipping task ':app:preDebugBuild' as it has no actions.
Resolve mutations for :app:generateDebugBuildConfig (Thread[#76,Execution worker,5,main]) started.
Resolve mutations for :app:generateDebugResources (Thread[#78,Execution worker Thread 3,5,main]) started.
Resolve mutations for :app:processDebugNavigationResources (Thread[#75,included builds,5,main]) started.
:app:generateDebugBuildConfig (Thread[#76,Execution worker,5,main]) started.
Resolve mutations for :app:javaPreCompileDebug (Thread[#77,Execution worker Thread 2,5,main]) started.
:app:processDebugNavigationResources (Thread[#75,included builds,5,main]) started.
:app:generateDebugResources (Thread[#78,Execution worker Thread 3,5,main]) started.
:app:javaPreCompileDebug (Thread[#77,Execution worker Thread 2,5,main]) started.

> Task :app:generateDebugResources UP-TO-DATE
Invalidating in-memory cache of /app/applet/.gradle/9.3.1/fileHashes/fileHashes.bin
Invalidating in-memory cache of /app/applet/.gradle/9.3.1/fileHashes/resourceHashesCache.bin
Build cache key for task ':app:generateDebugResources' is 4676ffae1b3cf2fb78b55fa7acbd8167
Skipping task ':app:generateDebugResources' as it is up-to-date.

> Task :app:generateDebugBuildConfig UP-TO-DATE
Build cache key for task ':app:generateDebugBuildConfig' is cb6b6e5792e6300c5fcf99ce5032189b
Skipping task ':app:generateDebugBuildConfig' as it is up-to-date.
Resolve mutations for :app:packageDebugResources (Thread[#76,Execution worker,5,main]) started.
Resolve mutations for :app:kspDebugKotlin (Thread[#78,Execution worker Thread 3,5,main]) started.
:app:packageDebugResources (Thread[#76,Execution worker,5,main]) started.
:app:kspDebugKotlin (Thread[#78,Execution worker Thread 3,5,main]) started.

> Task :app:javaPreCompileDebug UP-TO-DATE
Invalidating in-memory cache of /opt/gradle/.gradle/caches/9.3.1/fileHashes/kotlinDslCompileAvoidanceClasspathHashCache.bin
Invalidating in-memory cache of /opt/gradle/.gradle/caches/9.3.1/fileHashes/fileHashes.bin
Invalidating in-memory cache of /opt/gradle/.gradle/caches/9.3.1/fileHashes/resourceHashesCache.bin
Build cache key for task ':app:javaPreCompileDebug' is 4fac67671c39638deec3bc76a568d1d2
Skipping task ':app:javaPreCompileDebug' as it is up-to-date.
Resolve mutations for :app:checkDebugAarMetadata (Thread[#77,Execution worker Thread 2,5,main]) started.
:app:checkDebugAarMetadata (Thread[#77,Execution worker Thread 2,5,main]) started.

> Task :app:packageDebugResources UP-TO-DATE
Build cache key for task ':app:packageDebugResources' is 6f8ba082319bb1b0e7ca6e986248fcb2
Skipping task ':app:packageDebugResources' as it is up-to-date.
Resolve mutations for :app:mapDebugSourceSetPaths (Thread[#76,Execution worker,5,main]) started.
:app:mapDebugSourceSetPaths (Thread[#76,Execution worker,5,main]) started.

> Task :app:mapDebugSourceSetPaths UP-TO-DATE
Caching disabled for task ':app:mapDebugSourceSetPaths' because:
  Caching has been disabled for the task
Skipping task ':app:mapDebugSourceSetPaths' as it is up-to-date.
Resolve mutations for :app:mergeDebugResources (Thread[#76,Execution worker,5,main]) started.
:app:mergeDebugResources (Thread[#76,Execution worker,5,main]) started.

> Task :app:processDebugNavigationResources
Invalidating in-memory cache of /app/applet/.gradle/buildOutputCleanup/outputFiles.bin
Invalidating in-memory cache of /opt/gradle/.gradle/caches/journal-1/file-access.bin
Build cache key for task ':app:processDebugNavigationResources' is 11d54b4df03b19ee7c604c872d86ab28
Skipping task ':app:processDebugNavigationResources' as it is up-to-date.

> Task :app:processDebugNavigationResources UP-TO-DATE

> Task :app:checkDebugAarMetadata UP-TO-DATE
Caching disabled for task ':app:checkDebugAarMetadata' because:
  Caching has been disabled for the task
Skipping task ':app:checkDebugAarMetadata' as it is up-to-date.
Resolve mutations for :app:parseDebugLocalResources (Thread[#75,included builds,5,main]) started.
Resolve mutations for :app:compileDebugNavigationResources (Thread[#77,Execution worker Thread 2,5,main]) started.

> Task :app:mergeDebugResources UP-TO-DATE
Build cache key for task ':app:mergeDebugResources' is 7f39cd01ea992d43a5efbc5b542967bd
Skipping task ':app:mergeDebugResources' as it is up-to-date.
Invalidating in-memory cache of /app/applet/.gradle/buildOutputCleanup/outputFiles.bin
Resolve mutations for :app:createDebugCompatibleScreenManifests (Thread[#76,Execution worker,5,main]) started.
:app:parseDebugLocalResources (Thread[#75,included builds,5,main]) started.
:app:createDebugCompatibleScreenManifests (Thread[#76,Execution worker,5,main]) started.
:app:compileDebugNavigationResources (Thread[#77,Execution worker Thread 2,5,main]) started.

> Task :app:kspDebugKotlin
Invalidating in-memory cache of /opt/gradle/.gradle/caches/9.3.1/fileHashes/kotlinDslCompileAvoidanceClasspathHashCache.bin
Invalidating in-memory cache of /opt/gradle/.gradle/caches/9.3.1/fileHashes/fileHashes.bin
Invalidating in-memory cache of /opt/gradle/.gradle/caches/9.3.1/fileHashes/resourceHashesCache.bin
Invalidating in-memory cache of /app/applet/.gradle/9.3.1/fileHashes/fileHashes.bin
Invalidating in-memory cache of /app/applet/.gradle/9.3.1/fileHashes/resourceHashesCache.bin

> Task :app:parseDebugLocalResources UP-TO-DATE
Invalidating in-memory cache of /app/applet/.gradle/9.3.1/executionHistory/executionHistory.bin
Build cache key for task ':app:parseDebugLocalResources' is 087d6ceb7f1d97fc15517af3b402f95c
Skipping task ':app:parseDebugLocalResources' as it is up-to-date.
Resolve mutations for :app:generateDebugRFile (Thread[#75,included builds,5,main]) started.

> Task :app:compileDebugNavigationResources UP-TO-DATE
Build cache key for task ':app:compileDebugNavigationResources' is 3030ab271de0103a0cf9b599ca2eeed0
Skipping task ':app:compileDebugNavigationResources' as it is up-to-date.
Resolve mutations for :app:extractDeepLinksDebug (Thread[#77,Execution worker Thread 2,5,main]) started.
:app:extractDeepLinksDebug (Thread[#77,Execution worker Thread 2,5,main]) started.
:app:generateDebugRFile (Thread[#75,included builds,5,main]) started.

> Task :app:createDebugCompatibleScreenManifests UP-TO-DATE
Caching disabled for task ':app:createDebugCompatibleScreenManifests' because:
  Caching has been disabled for the task
Skipping task ':app:createDebugCompatibleScreenManifests' as it is up-to-date.
:app:javaPreCompileDebugUnitTest (Thread[#76,Execution worker,5,main]) started.

> Task :app:extractDeepLinksDebug UP-TO-DATE
Build cache key for task ':app:extractDeepLinksDebug' is 8c86fe37a3d3d94d283f5c69d0e41e3b
Skipping task ':app:extractDeepLinksDebug' as it is up-to-date.
Resolve mutations for :app:processDebugMainManifest (Thread[#77,Execution worker Thread 2,5,main]) started.
:app:processDebugMainManifest (Thread[#77,Execution worker Thread 2,5,main]) started.

> Task :app:generateDebugRFile UP-TO-DATE
Build cache key for task ':app:generateDebugRFile' is 2fb33b904faaf275237ab6ea88d4918d
Skipping task ':app:generateDebugRFile' as it is up-to-date.
Resolve mutations for :app:mergeDebugAssets (Thread[#75,included builds,5,main]) started.

> Task :app:javaPreCompileDebugUnitTest UP-TO-DATE
Build cache key for task ':app:javaPreCompileDebugUnitTest' is c5563272a43cbeee91d9b24f4222576b
Skipping task ':app:javaPreCompileDebugUnitTest' as it is up-to-date.
:app:mergeDebugAssets (Thread[#76,Execution worker,5,main]) started.
work action resolve navigation.json (project :app) (Thread[#75,included builds,5,main]) started.

> Task :app:mergeDebugAssets UP-TO-DATE
Caching disabled for task ':app:mergeDebugAssets' because:
  Simple merging task
Skipping task ':app:mergeDebugAssets' as it is up-to-date.

> Task :app:processDebugMainManifest UP-TO-DATE
Build cache key for task ':app:processDebugMainManifest' is 3633cfec0d50574d771b04fbbe7835ff
Skipping task ':app:processDebugMainManifest' as it is up-to-date.
Resolve mutations for :app:processDebugManifest (Thread[#77,Execution worker Thread 2,5,main]) started.
Resolve mutations for :app:processDebugUnitTestManifest (Thread[#76,Execution worker,5,main]) started.
:app:processDebugManifest (Thread[#77,Execution worker Thread 2,5,main]) started.
:app:processDebugUnitTestManifest (Thread[#76,Execution worker,5,main]) started.

> Task :app:kspDebugKotlin
Build cache key for task ':app:kspDebugKotlin' is 6ee7934044f32b4d8409ccac004ab37b
Task ':app:kspDebugKotlin' is not up-to-date because:
  Value of input property 'kspConfig.logLevel' has changed for task ':app:kspDebugKotlin'
The input changes require a full rebuild for incremental task ':app:kspDebugKotlin'.

> Task :app:processDebugManifest UP-TO-DATE
Build cache key for task ':app:processDebugManifest' is a29c5fca452c760660610be1e9d20e24
Skipping task ':app:processDebugManifest' as it is up-to-date.
Resolve mutations for :app:processDebugManifestForPackage (Thread[#77,Execution worker Thread 2,5,main]) started.
:app:processDebugManifestForPackage (Thread[#77,Execution worker Thread 2,5,main]) started.

> Task :app:processDebugManifestForPackage UP-TO-DATE
Build cache key for task ':app:processDebugManifestForPackage' is 5d7d3c875750207479be6dc54e20e3ad
Skipping task ':app:processDebugManifestForPackage' as it is up-to-date.
Resolve mutations for :app:processDebugResources (Thread[#77,Execution worker Thread 2,5,main]) started.
:app:processDebugResources (Thread[#77,Execution worker Thread 2,5,main]) started.

> Task :app:processDebugUnitTestManifest
Invalidating in-memory cache of /opt/gradle/.gradle/caches/9.3.1/fileHashes/kotlinDslCompileAvoidanceClasspathHashCache.bin
Invalidating in-memory cache of /opt/gradle/.gradle/caches/9.3.1/fileHashes/fileHashes.bin
Invalidating in-memory cache of /opt/gradle/.gradle/caches/9.3.1/fileHashes/resourceHashesCache.bin
Caching disabled for task ':app:processDebugUnitTestManifest' because:
  Caching has been disabled for the task
Skipping task ':app:processDebugUnitTestManifest' as it is up-to-date.
Invalidating in-memory cache of /app/applet/.gradle/buildOutputCleanup/outputFiles.bin

> Task :app:processDebugUnitTestManifest UP-TO-DATE

> Task :app:processDebugResources UP-TO-DATE
Invalidating in-memory cache of /opt/gradle/.gradle/caches/journal-1/file-access.bin
Build cache key for task ':app:processDebugResources' is 88920c863c1a54a7f0270f989f253158
Skipping task ':app:processDebugResources' as it is up-to-date.
Resolve mutations for :app:packageDebugUnitTestForUnitTest (Thread[#77,Execution worker Thread 2,5,main]) started.
:app:packageDebugUnitTestForUnitTest (Thread[#77,Execution worker Thread 2,5,main]) started.

> Task :app:packageDebugUnitTestForUnitTest UP-TO-DATE
Invalidating in-memory cache of /app/applet/.gradle/9.3.1/executionHistory/executionHistory.bin
Caching disabled for task ':app:packageDebugUnitTestForUnitTest' because:
  Simple merging task
Skipping task ':app:packageDebugUnitTestForUnitTest' as it is up-to-date.
Resolve mutations for :app:generateDebugUnitTestConfig (Thread[#77,Execution worker Thread 2,5,main]) started.
:app:generateDebugUnitTestConfig (Thread[#77,Execution worker Thread 2,5,main]) started.

> Task :app:generateDebugUnitTestConfig UP-TO-DATE
Caching disabled for task ':app:generateDebugUnitTestConfig' because:
  Caching has been disabled for the task
Skipping task ':app:generateDebugUnitTestConfig' as it is up-to-date.

> Task :app:kspDebugKotlin
i: [ksp] loaded provider(s): [androidx.room.RoomKspProcessor$Provider, com.squareup.moshi.kotlin.codegen.ksp.JsonClassSymbolProcessorProvider]
Invalidating in-memory cache of /app/applet/.gradle/9.3.1/fileHashes/fileHashes.bin
Invalidating in-memory cache of /app/applet/.gradle/9.3.1/fileHashes/resourceHashesCache.bin
Invalidating in-memory cache of /opt/gradle/.gradle/caches/journal-1/file-access.bin
Stored cache entry for task ':app:kspDebugKotlin' with cache key 6ee7934044f32b4d8409ccac004ab37b
Invalidating in-memory cache of /app/applet/.gradle/9.3.1/executionHistory/executionHistory.bin
Invalidating in-memory cache of /app/applet/.gradle/buildOutputCleanup/outputFiles.bin
Resolve mutations for :app:compileDebugKotlin (Thread[#78,Execution worker Thread 3,5,main]) started.
:app:compileDebugKotlin (Thread[#78,Execution worker Thread 3,5,main]) started.

> Task :app:compileDebugKotlin
file or directory '/app/applet/app/src/main/kotlin', not found
file or directory '/app/applet/app/src/debug/java', not found
file or directory '/app/applet/app/src/debug/kotlin', not found
file or directory '/app/applet/app/src/debug/java', not found
file or directory '/app/applet/app/src/main/kotlin', not found
file or directory '/app/applet/app/src/debug/java', not found
file or directory '/app/applet/app/src/debug/kotlin', not found
file or directory '/app/applet/app/src/debug/java', not found
Invalidating in-memory cache of /opt/gradle/.gradle/caches/9.3.1/fileHashes/kotlinDslCompileAvoidanceClasspathHashCache.bin
Invalidating in-memory cache of /opt/gradle/.gradle/caches/9.3.1/fileHashes/fileHashes.bin
Invalidating in-memory cache of /opt/gradle/.gradle/caches/9.3.1/fileHashes/resourceHashesCache.bin
Invalidating in-memory cache of /opt/gradle/.gradle/caches/journal-1/file-access.bin
file or directory '/app/applet/app/src/main/kotlin', not found
file or directory '/app/applet/app/src/debug/java', not found
file or directory '/app/applet/app/src/debug/kotlin', not found
file or directory '/app/applet/app/src/debug/java', not found
Build cache key for task ':app:compileDebugKotlin' is 893ba5c975ebf567089d38254b3462a0
Task ':app:compileDebugKotlin' is not up-to-date because:
  Task has failed previously.
The input changes require a full rebuild for incremental task ':app:compileDebugKotlin'.
file or directory '/app/applet/app/src/main/kotlin', not found
file or directory '/app/applet/app/src/main/kotlin', not found
file or directory '/app/applet/app/src/debug/java', not found
file or directory '/app/applet/app/src/debug/java', not found
file or directory '/app/applet/app/src/debug/kotlin', not found
file or directory '/app/applet/app/src/debug/kotlin', not found
file or directory '/app/applet/app/src/debug/java', not found
file or directory '/app/applet/app/src/debug/java', not found
file or directory '/app/applet/app/build/generated/ksp/debug/java', not found
file or directory '/app/applet/app/src/main/kotlin', not found
file or directory '/app/applet/app/src/debug/java', not found
file or directory '/app/applet/app/src/debug/kotlin', not found
file or directory '/app/applet/app/src/debug/java', not found
file or directory '/app/applet/app/src/main/kotlin', not found
file or directory '/app/applet/app/src/main/kotlin', not found
file or directory '/app/applet/app/src/debug/java', not found
file or directory '/app/applet/app/src/debug/java', not found
file or directory '/app/applet/app/src/debug/kotlin', not found
file or directory '/app/applet/app/src/debug/kotlin', not found
file or directory '/app/applet/app/src/debug/java', not found
file or directory '/app/applet/app/src/debug/java', not found
file or directory '/app/applet/app/build/generated/ksp/debug/java', not found
file or directory '/app/applet/app/src/main/kotlin', not found
file or directory '/app/applet/app/src/main/kotlin', not found
file or directory '/app/applet/app/src/debug/java', not found
file or directory '/app/applet/app/src/debug/java', not found
file or directory '/app/applet/app/src/debug/kotlin', not found
file or directory '/app/applet/app/src/debug/kotlin', not found
file or directory '/app/applet/app/src/debug/java', not found
file or directory '/app/applet/app/src/debug/java', not found
file or directory '/app/applet/app/build/generated/ksp/debug/java', not found
file or directory '/app/applet/app/src/main/kotlin', not found
file or directory '/app/applet/app/src/main/kotlin', not found
file or directory '/app/applet/app/src/debug/java', not found
file or directory '/app/applet/app/src/debug/java', not found
file or directory '/app/applet/app/src/debug/kotlin', not found
file or directory '/app/applet/app/src/debug/kotlin', not found
file or directory '/app/applet/app/src/debug/java', not found
file or directory '/app/applet/app/src/debug/java', not found
file or directory '/app/applet/app/build/generated/ksp/debug/java', not found
Kotlin source files: /app/applet/app/src/main/java/com/example/ui/util/FormatUtils.kt, /app/applet/app/src/main/java/com/example/ui/util/IconsMap.kt, /app/applet/app/src/main/java/com/example/ui/components/CustomBarChart.kt, /app/applet/app/src/main/java/com/example/ui/components/CustomPieChart.kt, /app/applet/app/src/main/java/com/example/ui/components/SavingTargetCard.kt, /app/applet/app/src/main/java/com/example/ui/components/TransactionCard.kt, /app/applet/app/src/main/java/com/example/ui/theme/Color.kt, /app/applet/app/src/main/java/com/example/ui/theme/Theme.kt, /app/applet/app/src/main/java/com/example/ui/theme/Type.kt, /app/applet/app/src/main/java/com/example/ui/screens/MainScreen.kt, /app/applet/app/src/main/java/com/example/ui/screens/TransactionHistoryPanel.kt, /app/applet/app/src/main/java/com/example/ui/screens/SavingGoalsPanel.kt, /app/applet/app/src/main/java/com/example/ui/screens/SplashScreen.kt, /app/applet/app/src/main/java/com/example/ui/viewmodel/TransactionViewModel.kt, /app/applet/app/src/main/java/com/example/data/dao/SavingAllocationDao.kt, /app/applet/app/src/main/java/com/example/data/dao/FinanceDao.kt, /app/applet/app/src/main/java/com/example/data/dao/TransactionTagDao.kt, /app/applet/app/src/main/java/com/example/data/dao/InstallmentDao.kt, /app/applet/app/src/main/java/com/example/data/dao/TagDao.kt, /app/applet/app/src/main/java/com/example/data/model/SubCategory.kt, /app/applet/app/src/main/java/com/example/data/model/Transaction.kt, /app/applet/app/src/main/java/com/example/data/model/SavingAllocation.kt, /app/applet/app/src/main/java/com/example/data/model/Installment.kt, /app/applet/app/src/main/java/com/example/data/model/Account.kt, /app/applet/app/src/main/java/com/example/data/model/Tag.kt, /app/applet/app/src/main/java/com/example/data/model/Category.kt, /app/applet/app/src/main/java/com/example/data/model/RecurringTransaction.kt, /app/applet/app/src/main/java/com/example/data/model/SavingTarget.kt, /app/applet/app/src/main/java/com/example/data/model/TransactionTag.kt, /app/applet/app/src/main/java/com/example/data/db/AppDatabase.kt, /app/applet/app/src/main/java/com/example/data/repository/PreferencesManager.kt, /app/applet/app/src/main/java/com/example/data/repository/FinanceRepository.kt, /app/applet/app/src/main/java/com/example/FinanceApplication.kt, /app/applet/app/src/main/java/com/example/MainActivity.kt, /app/applet/app/src/main/java/com/example/widget/FinanceWidgetReceiver.kt, /app/applet/app/src/main/java/com/example/widget/TargetWidgetReceiver.kt, /app/applet/app/src/main/java/com/example/widget/TargetWidget.kt, /app/applet/app/src/main/java/com/example/widget/FinanceWidget.kt, /app/applet/app/build/generated/ksp/debug/kotlin/com/example/data/dao/AccountDao_Impl.kt, /app/applet/app/build/generated/ksp/debug/kotlin/com/example/data/dao/CategoryDao_Impl.kt, /app/applet/app/build/generated/ksp/debug/kotlin/com/example/data/dao/SubCategoryDao_Impl.kt, /app/applet/app/build/generated/ksp/debug/kotlin/com/example/data/dao/TransactionDao_Impl.kt, /app/applet/app/build/generated/ksp/debug/kotlin/com/example/data/dao/SavingTargetDao_Impl.kt, /app/applet/app/build/generated/ksp/debug/kotlin/com/example/data/dao/RecurringTransactionDao_Impl.kt, /app/applet/app/build/generated/ksp/debug/kotlin/com/example/data/dao/TagDao_Impl.kt, /app/applet/app/build/generated/ksp/debug/kotlin/com/example/data/dao/TransactionTagDao_Impl.kt, /app/applet/app/build/generated/ksp/debug/kotlin/com/example/data/dao/InstallmentDao_Impl.kt, /app/applet/app/build/generated/ksp/debug/kotlin/com/example/data/dao/SavingAllocationDao_Impl.kt, /app/applet/app/build/generated/ksp/debug/kotlin/com/example/data/db/AppDatabase_Impl.kt
Java source files: /app/applet/app/build/generated/source/buildConfig/debug/com/example/BuildConfig.java
Script source files: 
Script file extensions: 
Using Kotlin/JVM incremental compilation
[KOTLIN] Kotlin compilation 'jdkHome' argument: /usr/lib/jvm/temurin-21-jdk-amd64
Finished executing kotlin compiler using IN_PROCESS strategy
w: Java source root points to a non-existent location: /app/applet/app/build/generated/source/buildConfig/debug/com/example/BuildConfig.java
w: Classpath entry points to a non-existent location: /app/applet/app/build/intermediates/compile_r_class_jar/debug/generateDebugRFile/R.jar
e: Source file or directory not found: /app/applet/app/build/generated/ksp/debug/kotlin/com/example/data/dao/AccountDao_Impl.kt
e: Source file or directory not found: /app/applet/app/build/generated/ksp/debug/kotlin/com/example/data/dao/CategoryDao_Impl.kt
e: Source file or directory not found: /app/applet/app/build/generated/ksp/debug/kotlin/com/example/data/dao/SubCategoryDao_Impl.kt
e: Source file or directory not found: /app/applet/app/build/generated/ksp/debug/kotlin/com/example/data/dao/TransactionDao_Impl.kt
e: Source file or directory not found: /app/applet/app/build/generated/ksp/debug/kotlin/com/example/data/dao/SavingTargetDao_Impl.kt
e: Source file or directory not found: /app/applet/app/build/generated/ksp/debug/kotlin/com/example/data/dao/RecurringTransactionDao_Impl.kt
e: Source file or directory not found: /app/applet/app/build/generated/ksp/debug/kotlin/com/example/data/dao/TagDao_Impl.kt
e: Source file or directory not found: /app/applet/app/build/generated/ksp/debug/kotlin/com/example/data/dao/TransactionTagDao_Impl.kt
e: Source file or directory not found: /app/applet/app/build/generated/ksp/debug/kotlin/com/example/data/dao/InstallmentDao_Impl.kt
e: Source file or directory not found: /app/applet/app/build/generated/ksp/debug/kotlin/com/example/data/dao/SavingAllocationDao_Impl.kt
e: Source file or directory not found: /app/applet/app/build/generated/ksp/debug/kotlin/com/example/data/db/AppDatabase_Impl.kt
e: file:///app/applet/app/src/main/java/com/example/ui/screens/SplashScreen.kt:21:20 Unresolved reference 'R'.
Invalidating in-memory cache of /app/applet/.gradle/9.3.1/fileHashes/fileHashes.bin
Invalidating in-memory cache of /app/applet/.gradle/9.3.1/fileHashes/resourceHashesCache.bin
Invalidating in-memory cache of /app/applet/.gradle/9.3.1/executionHistory/executionHistory.bin
Invalidating in-memory cache of /app/applet/.gradle/buildOutputCleanup/outputFiles.bin

> Task :app:compileDebugKotlin FAILED
Build 796c715a-738a-4a1d-aeba-37b832c4bc31 is started
w: Detected multiple Kotlin daemon sessions at 
Build 796c715a-738a-4a1d-aeba-37b832c4bc31 is closed

See the complete report at file:///app/applet/build/reports/configuration-cache/9jytal414bahbjf5l5nacggjy/2i1kxx1kt2igqwds2wbphwbjb/configuration-cache-report.html

FAILURE: Build failed with an exception.

* What went wrong:
Execution failed for task ':app:compileDebugKotlin'.
> A failure occurred while executing org.jetbrains.kotlin.compilerRunner.GradleCompilerRunnerWithWorkers$GradleKotlinCompilerWorkAction
   > Compilation error. See log for more details

* Try:
> Run with --stacktrace option to get the stack trace.
> Run with --debug option to get more log output.
> Run with --scan to get full insights from a Build Scan (powered by Develocity).
> Get more help at https://help.gradle.org.

BUILD FAILED in 5m 7s
24 actionable tasks: 2 executed, 22 up-to-date
Configuration cache entry stored.
Invalidating in-memory cache of /opt/gradle/.gradle/caches/journal-1/file-access.bin
Configuration Cache (/app/applet/.gradle/configuration-cache) [subdir: /app/applet/.gradle/configuration-cache/44389c0b-712d-4cbc-b543-25ff9ec978b0] cleanup deleted 8 files/directories.
